


ARM Macro Assembler    Page 1 


    1 00000000                 AREA             maxValue,CODE
    2 00000000                 EXPORT           maxInteger
    3 00000000                 ALIGN
    4 00000000         
    5 00000000         maxInteger
                               PROC
    6 00000000         ;R0->CONTIENE EL PUNTERO AL ARREGLO
    7 00000000 B510            PUSH             {R4,LR}
    8 00000002 6802            LDR              R2,[R0]     ;SE ESTABLE EL VALO
                                                            R MAXIMO A R1
    9 00000004 F1A1 0101       SUB              R1,R1,#1    ;SIZE-1
   10 00000008 F04F 0300       MOV              R3,#0       ;i = 0 
   11 0000000C 428B    loop    CMP              R3,R1
   12 0000000E DC07            BGT              exit
   13 00000010 F850 4023       LDR              R4,[R0,R3,LSL #2]
   14 00000014 4294            CMP              R4,R2
   15 00000016 BFC8 4622       MOVGT            R2,R4
   16 0000001A F103 0301       ADD              R3,R3,#1
   17 0000001E E7F5            B                loop
   18 00000020         
   19 00000020 4620    exit    MOV              R0,R4
   20 00000022 BD10            POP              {R4,PC}
   21 00000024                 ENDP
   22 00000024                 END
Command Line: --debug --xref --diag_suppress=9931 --cpu=Cortex-M3 --apcs=interw
ork --depend=.\objects\maxinteger.d -o.\objects\maxinteger.o -I.\RTE\Device\STM
32F103C8 -I.\RTE\_Target_1 -IC:\Users\Lenovo\AppData\Local\Arm\Packs\ARM\CMSIS\
5.7.0\CMSIS\Core\Include -IC:\Users\Lenovo\AppData\Local\Arm\Packs\Keil\STM32F1
xx_DFP\2.3.0\Device\Include --predefine="__EVAL SETA 1" --predefine="__UVISION_
VERSION SETA 531" --predefine="_RTE_ SETA 1" --predefine="STM32F10X_MD SETA 1" 
--predefine="_RTE_ SETA 1" --list=.\listings\maxinteger.lst maxInteger.s



ARM Macro Assembler    Page 1 Alphabetic symbol ordering
Relocatable symbols

exit 00000020

Symbol: exit
   Definitions
      At line 19 in file maxInteger.s
   Uses
      At line 12 in file maxInteger.s
Comment: exit used once
loop 0000000C

Symbol: loop
   Definitions
      At line 11 in file maxInteger.s
   Uses
      At line 17 in file maxInteger.s
Comment: loop used once
maxInteger 00000000

Symbol: maxInteger
   Definitions
      At line 5 in file maxInteger.s
   Uses
      At line 2 in file maxInteger.s
Comment: maxInteger used once
maxValue 00000000

Symbol: maxValue
   Definitions
      At line 1 in file maxInteger.s
   Uses
      None
Comment: maxValue unused
4 symbols
338 symbols in table
