


ARM Macro Assembler    Page 1 


    1 00000000         ;ESTE PROGRAMA CALCULA LA CANTIDAD DE DIGITOS DECIMALES 
                       QUE TIENE UN NUMERO ENTERO DADO
    2 00000000                 AREA             myCODE, CODE, READONLY,ALIGN=2
    3 00000000                 EXPORT           __main
    4 00000000                 ENTRY
    5 00000000         
    6 00000000         __main  PROC
    7 00000000 4805            LDR              R0,=123456  ;numero de entero d
                                                            e entrada
    8 00000002 F04F 0100       MOV              R1,#0       ;NUMERO DE DIGITOS
    9 00000006         
   10 00000006 F04F 020A       MOV              R2,#10      ;PARA QUE SE DIVIDA
                                                             EL NUMERO
   11 0000000A B120    loop    CBZ              R0,stop     ;SI R0 ES CERO
   12 0000000C FB90 F0F2       SDIV             R0,R0,R2    ;SE DIVIDE R0 = R0 
                                                            / 10  
   13 00000010 F101 0101       ADD              R1,R1,#1    ;COUNT ++
   14 00000014 E7F9            B                loop
   15 00000016         
   16 00000016 E7FE    stop    B                stop
   17 00000018         
   18 00000018                 ENDP
   19 00000018                 END
              0001E240 
Command Line: --debug --xref --diag_suppress=9931 --cpu=Cortex-M3 --apcs=interw
ork --depend=.\objects\main.d -o.\objects\main.o -I.\RTE\Device\STM32F103C8 -I.
\RTE\_Target_1 -I"C:\Users\Ronald Quino Bueno\AppData\Local\Arm\Packs\ARM\CMSIS
\5.7.0\CMSIS\Core\Include" -I"C:\Users\Ronald Quino Bueno\AppData\Local\Arm\Pac
ks\Keil\STM32F1xx_DFP\2.3.0\Device\Include" --predefine="__EVAL SETA 1" --prede
fine="__UVISION_VERSION SETA 529" --predefine="_RTE_ SETA 1" --predefine="STM32
F10X_MD SETA 1" --list=.\listings\main.lst main.s



ARM Macro Assembler    Page 1 Alphabetic symbol ordering
Relocatable symbols

__main 00000000

Symbol: __main
   Definitions
      At line 6 in file main.s
   Uses
      At line 3 in file main.s
Comment: __main used once
loop 0000000A

Symbol: loop
   Definitions
      At line 11 in file main.s
   Uses
      At line 14 in file main.s
Comment: loop used once
myCODE 00000000

Symbol: myCODE
   Definitions
      At line 2 in file main.s
   Uses
      None
Comment: myCODE unused
stop 00000016

Symbol: stop
   Definitions
      At line 16 in file main.s
   Uses
      At line 11 in file main.s
      At line 16 in file main.s

4 symbols
340 symbols in table
