Component: ARM Compiler 6.14 Tool: armlink [5db06800]

==============================================================================

Section Cross References

    main.o(.text) refers to main.o(delay_systick) for delay_ms
    main.o(.text) refers to morsetime.o(.rodata.morseTime) for morseTime
    startup_stm32f407xx.o(STACK) refers (Special) to heapauxi.o(.text) for __use_two_region_memory
    startup_stm32f407xx.o(HEAP) refers (Special) to heapauxi.o(.text) for __use_two_region_memory
    startup_stm32f407xx.o(RESET) refers (Special) to heapauxi.o(.text) for __use_two_region_memory
    startup_stm32f407xx.o(RESET) refers to startup_stm32f407xx.o(STACK) for __initial_sp
    startup_stm32f407xx.o(RESET) refers to startup_stm32f407xx.o(.text) for Reset_Handler
    startup_stm32f407xx.o(.text) refers (Special) to heapauxi.o(.text) for __use_two_region_memory
    startup_stm32f407xx.o(.text) refers to system_stm32f4xx.o(.text.SystemInit) for SystemInit
    startup_stm32f407xx.o(.text) refers to main.o(.text) for __main
    startup_stm32f407xx.o(.text) refers to startup_stm32f407xx.o(HEAP) for Heap_Mem
    startup_stm32f407xx.o(.text) refers to startup_stm32f407xx.o(STACK) for Stack_Mem
    system_stm32f4xx.o(.ARM.exidx.text.SystemInit) refers to system_stm32f4xx.o(.text.SystemInit) for [Anonymous Symbol]
    system_stm32f4xx.o(.text.SystemCoreClockUpdate) refers to system_stm32f4xx.o(.data.SystemCoreClock) for SystemCoreClock
    system_stm32f4xx.o(.text.SystemCoreClockUpdate) refers to system_stm32f4xx.o(.rodata.AHBPrescTable) for AHBPrescTable
    system_stm32f4xx.o(.ARM.exidx.text.SystemCoreClockUpdate) refers to system_stm32f4xx.o(.text.SystemCoreClockUpdate) for [Anonymous Symbol]


==============================================================================

Removing Unused input sections from the image.

    Removing delay_systick.o(delay_systick), (64 bytes).
    Removing morsetime.o(.text), (0 bytes).
    Removing system_stm32f4xx.o(.text), (0 bytes).
    Removing system_stm32f4xx.o(.ARM.exidx.text.SystemInit), (8 bytes).
    Removing system_stm32f4xx.o(.text.SystemCoreClockUpdate), (126 bytes).
    Removing system_stm32f4xx.o(.ARM.exidx.text.SystemCoreClockUpdate), (8 bytes).
    Removing system_stm32f4xx.o(.data.SystemCoreClock), (4 bytes).
    Removing system_stm32f4xx.o(.rodata.AHBPrescTable), (16 bytes).
    Removing system_stm32f4xx.o(.rodata.APBPrescTable), (8 bytes).

9 unused section(s) (total 234 bytes) removed from the image.

==============================================================================

Image Symbol Table

    Local Symbols

    Symbol Name                              Value     Ov Type        Size  Object(Section)

    ../clib/heapaux.c                        0x00000000   Number         0  heapauxi.o ABSOLUTE
    RTE/Device/STM32F407VGTx/startup_stm32f407xx.s 0x00000000   Number         0  startup_stm32f407xx.o ABSOLUTE
    dc.s                                     0x00000000   Number         0  dc.o ABSOLUTE
    delay_systick.s                          0x00000000   Number         0  delay_systick.o ABSOLUTE
    main.s                                   0x00000000   Number         0  main.o ABSOLUTE
    morseTime.c                              0x00000000   Number         0  morsetime.o ABSOLUTE
    stm32f407_constants.s                    0x00000000   Number         0  stm32f407_constants.o ABSOLUTE
    system_stm32f4xx.c                       0x00000000   Number         0  system_stm32f4xx.o ABSOLUTE
    RESET                                    0x08000000   Section      392  startup_stm32f407xx.o(RESET)
    $v0                                      0x08000188   Number         0  main.o(.text)
    .text                                    0x08000188   Section      112  main.o(.text)
    GPIO_Init                                0x080001b3   Thumb Code    58  main.o(.text)
    $v0                                      0x080001f8   Number         0  startup_stm32f407xx.o(.text)
    .text                                    0x080001f8   Section       64  startup_stm32f407xx.o(.text)
    .text                                    0x08000238   Section        0  heapauxi.o(.text)
    [Anonymous Symbol]                       0x08000240   Section        0  system_stm32f4xx.o(.text.SystemInit)
    $v0                                      0x08000298   Number         0  main.o(delay_systick)
    delay_ms                                 0x08000299   Thumb Code    58  main.o(delay_systick)
    delay_systick                            0x08000298   Section       64  main.o(delay_systick)
    Heap_Mem                                 0x20000000   Data         512  startup_stm32f407xx.o(HEAP)
    HEAP                                     0x20000000   Section      512  startup_stm32f407xx.o(HEAP)
    Stack_Mem                                0x20000200   Data        1024  startup_stm32f407xx.o(STACK)
    STACK                                    0x20000200   Section     1024  startup_stm32f407xx.o(STACK)
    __initial_sp                             0x20000600   Data           0  startup_stm32f407xx.o(STACK)

    Global Symbols

    Symbol Name                              Value     Ov Type        Size  Object(Section)

    BuildAttributes$$THM_ISAv4$E$P$D$K$B$S$7EM$VFPi3$EXTD16$VFPS$VFMA$PE$A:L22UL41UL21$X:L11$S22US41US21$IEEE1$IW$~IW$USESV6$~STKCKD$USESV7$~SHL$OTIME$ROPI$EBA8$STANDARDLIB$REQ8$PRES8$EABIv2 0x00000000   Number         0  anon$$obj.o ABSOLUTE
    __Vectors_Size                           0x00000188   Number         0  startup_stm32f407xx.o ABSOLUTE
    __Vectors                                0x08000000   Data           4  startup_stm32f407xx.o(RESET)
    __Vectors_End                            0x08000188   Data           0  startup_stm32f407xx.o(RESET)
    __main                                   0x08000189   Thumb Code    42  main.o(.text)
    Reset_Handler                            0x080001f9   Thumb Code     8  startup_stm32f407xx.o(.text)
    NMI_Handler                              0x08000201   Thumb Code     2  startup_stm32f407xx.o(.text)
    HardFault_Handler                        0x08000203   Thumb Code     2  startup_stm32f407xx.o(.text)
    MemManage_Handler                        0x08000205   Thumb Code     2  startup_stm32f407xx.o(.text)
    BusFault_Handler                         0x08000207   Thumb Code     2  startup_stm32f407xx.o(.text)
    UsageFault_Handler                       0x08000209   Thumb Code     2  startup_stm32f407xx.o(.text)
    SVC_Handler                              0x0800020b   Thumb Code     2  startup_stm32f407xx.o(.text)
    DebugMon_Handler                         0x0800020d   Thumb Code     2  startup_stm32f407xx.o(.text)
    PendSV_Handler                           0x0800020f   Thumb Code     2  startup_stm32f407xx.o(.text)
    SysTick_Handler                          0x08000211   Thumb Code     2  startup_stm32f407xx.o(.text)
    ADC_IRQHandler                           0x08000213   Thumb Code     0  startup_stm32f407xx.o(.text)
    CAN1_RX0_IRQHandler                      0x08000213   Thumb Code     0  startup_stm32f407xx.o(.text)
    CAN1_RX1_IRQHandler                      0x08000213   Thumb Code     0  startup_stm32f407xx.o(.text)
    CAN1_SCE_IRQHandler                      0x08000213   Thumb Code     0  startup_stm32f407xx.o(.text)
    CAN1_TX_IRQHandler                       0x08000213   Thumb Code     0  startup_stm32f407xx.o(.text)
    CAN2_RX0_IRQHandler                      0x08000213   Thumb Code     0  startup_stm32f407xx.o(.text)
    CAN2_RX1_IRQHandler                      0x08000213   Thumb Code     0  startup_stm32f407xx.o(.text)
    CAN2_SCE_IRQHandler                      0x08000213   Thumb Code     0  startup_stm32f407xx.o(.text)
    CAN2_TX_IRQHandler                       0x08000213   Thumb Code     0  startup_stm32f407xx.o(.text)
    DCMI_IRQHandler                          0x08000213   Thumb Code     0  startup_stm32f407xx.o(.text)
    DMA1_Stream0_IRQHandler                  0x08000213   Thumb Code     0  startup_stm32f407xx.o(.text)
    DMA1_Stream1_IRQHandler                  0x08000213   Thumb Code     0  startup_stm32f407xx.o(.text)
    DMA1_Stream2_IRQHandler                  0x08000213   Thumb Code     0  startup_stm32f407xx.o(.text)
    DMA1_Stream3_IRQHandler                  0x08000213   Thumb Code     0  startup_stm32f407xx.o(.text)
    DMA1_Stream4_IRQHandler                  0x08000213   Thumb Code     0  startup_stm32f407xx.o(.text)
    DMA1_Stream5_IRQHandler                  0x08000213   Thumb Code     0  startup_stm32f407xx.o(.text)
    DMA1_Stream6_IRQHandler                  0x08000213   Thumb Code     0  startup_stm32f407xx.o(.text)
    DMA1_Stream7_IRQHandler                  0x08000213   Thumb Code     0  startup_stm32f407xx.o(.text)
    DMA2_Stream0_IRQHandler                  0x08000213   Thumb Code     0  startup_stm32f407xx.o(.text)
    DMA2_Stream1_IRQHandler                  0x08000213   Thumb Code     0  startup_stm32f407xx.o(.text)
    DMA2_Stream2_IRQHandler                  0x08000213   Thumb Code     0  startup_stm32f407xx.o(.text)
    DMA2_Stream3_IRQHandler                  0x08000213   Thumb Code     0  startup_stm32f407xx.o(.text)
    DMA2_Stream4_IRQHandler                  0x08000213   Thumb Code     0  startup_stm32f407xx.o(.text)
    DMA2_Stream5_IRQHandler                  0x08000213   Thumb Code     0  startup_stm32f407xx.o(.text)
    DMA2_Stream6_IRQHandler                  0x08000213   Thumb Code     0  startup_stm32f407xx.o(.text)
    DMA2_Stream7_IRQHandler                  0x08000213   Thumb Code     0  startup_stm32f407xx.o(.text)
    ETH_IRQHandler                           0x08000213   Thumb Code     0  startup_stm32f407xx.o(.text)
    ETH_WKUP_IRQHandler                      0x08000213   Thumb Code     0  startup_stm32f407xx.o(.text)
    EXTI0_IRQHandler                         0x08000213   Thumb Code     0  startup_stm32f407xx.o(.text)
    EXTI15_10_IRQHandler                     0x08000213   Thumb Code     0  startup_stm32f407xx.o(.text)
    EXTI1_IRQHandler                         0x08000213   Thumb Code     0  startup_stm32f407xx.o(.text)
    EXTI2_IRQHandler                         0x08000213   Thumb Code     0  startup_stm32f407xx.o(.text)
    EXTI3_IRQHandler                         0x08000213   Thumb Code     0  startup_stm32f407xx.o(.text)
    EXTI4_IRQHandler                         0x08000213   Thumb Code     0  startup_stm32f407xx.o(.text)
    EXTI9_5_IRQHandler                       0x08000213   Thumb Code     0  startup_stm32f407xx.o(.text)
    FLASH_IRQHandler                         0x08000213   Thumb Code     0  startup_stm32f407xx.o(.text)
    FMC_IRQHandler                           0x08000213   Thumb Code     0  startup_stm32f407xx.o(.text)
    FPU_IRQHandler                           0x08000213   Thumb Code     0  startup_stm32f407xx.o(.text)
    HASH_RNG_IRQHandler                      0x08000213   Thumb Code     0  startup_stm32f407xx.o(.text)
    I2C1_ER_IRQHandler                       0x08000213   Thumb Code     0  startup_stm32f407xx.o(.text)
    I2C1_EV_IRQHandler                       0x08000213   Thumb Code     0  startup_stm32f407xx.o(.text)
    I2C2_ER_IRQHandler                       0x08000213   Thumb Code     0  startup_stm32f407xx.o(.text)
    I2C2_EV_IRQHandler                       0x08000213   Thumb Code     0  startup_stm32f407xx.o(.text)
    I2C3_ER_IRQHandler                       0x08000213   Thumb Code     0  startup_stm32f407xx.o(.text)
    I2C3_EV_IRQHandler                       0x08000213   Thumb Code     0  startup_stm32f407xx.o(.text)
    OTG_FS_IRQHandler                        0x08000213   Thumb Code     0  startup_stm32f407xx.o(.text)
    OTG_FS_WKUP_IRQHandler                   0x08000213   Thumb Code     0  startup_stm32f407xx.o(.text)
    OTG_HS_EP1_IN_IRQHandler                 0x08000213   Thumb Code     0  startup_stm32f407xx.o(.text)
    OTG_HS_EP1_OUT_IRQHandler                0x08000213   Thumb Code     0  startup_stm32f407xx.o(.text)
    OTG_HS_IRQHandler                        0x08000213   Thumb Code     0  startup_stm32f407xx.o(.text)
    OTG_HS_WKUP_IRQHandler                   0x08000213   Thumb Code     0  startup_stm32f407xx.o(.text)
    PVD_IRQHandler                           0x08000213   Thumb Code     0  startup_stm32f407xx.o(.text)
    RCC_IRQHandler                           0x08000213   Thumb Code     0  startup_stm32f407xx.o(.text)
    RTC_Alarm_IRQHandler                     0x08000213   Thumb Code     0  startup_stm32f407xx.o(.text)
    RTC_WKUP_IRQHandler                      0x08000213   Thumb Code     0  startup_stm32f407xx.o(.text)
    SDIO_IRQHandler                          0x08000213   Thumb Code     0  startup_stm32f407xx.o(.text)
    SPI1_IRQHandler                          0x08000213   Thumb Code     0  startup_stm32f407xx.o(.text)
    SPI2_IRQHandler                          0x08000213   Thumb Code     0  startup_stm32f407xx.o(.text)
    SPI3_IRQHandler                          0x08000213   Thumb Code     0  startup_stm32f407xx.o(.text)
    TAMP_STAMP_IRQHandler                    0x08000213   Thumb Code     0  startup_stm32f407xx.o(.text)
    TIM1_BRK_TIM9_IRQHandler                 0x08000213   Thumb Code     0  startup_stm32f407xx.o(.text)
    TIM1_CC_IRQHandler                       0x08000213   Thumb Code     0  startup_stm32f407xx.o(.text)
    TIM1_TRG_COM_TIM11_IRQHandler            0x08000213   Thumb Code     0  startup_stm32f407xx.o(.text)
    TIM1_UP_TIM10_IRQHandler                 0x08000213   Thumb Code     0  startup_stm32f407xx.o(.text)
    TIM2_IRQHandler                          0x08000213   Thumb Code     0  startup_stm32f407xx.o(.text)
    TIM3_IRQHandler                          0x08000213   Thumb Code     0  startup_stm32f407xx.o(.text)
    TIM4_IRQHandler                          0x08000213   Thumb Code     0  startup_stm32f407xx.o(.text)
    TIM5_IRQHandler                          0x08000213   Thumb Code     0  startup_stm32f407xx.o(.text)
    TIM6_DAC_IRQHandler                      0x08000213   Thumb Code     0  startup_stm32f407xx.o(.text)
    TIM7_IRQHandler                          0x08000213   Thumb Code     0  startup_stm32f407xx.o(.text)
    TIM8_BRK_TIM12_IRQHandler                0x08000213   Thumb Code     0  startup_stm32f407xx.o(.text)
    TIM8_CC_IRQHandler                       0x08000213   Thumb Code     0  startup_stm32f407xx.o(.text)
    TIM8_TRG_COM_TIM14_IRQHandler            0x08000213   Thumb Code     0  startup_stm32f407xx.o(.text)
    TIM8_UP_TIM13_IRQHandler                 0x08000213   Thumb Code     0  startup_stm32f407xx.o(.text)
    UART4_IRQHandler                         0x08000213   Thumb Code     0  startup_stm32f407xx.o(.text)
    UART5_IRQHandler                         0x08000213   Thumb Code     0  startup_stm32f407xx.o(.text)
    USART1_IRQHandler                        0x08000213   Thumb Code     0  startup_stm32f407xx.o(.text)
    USART2_IRQHandler                        0x08000213   Thumb Code     0  startup_stm32f407xx.o(.text)
    USART3_IRQHandler                        0x08000213   Thumb Code     0  startup_stm32f407xx.o(.text)
    USART6_IRQHandler                        0x08000213   Thumb Code     0  startup_stm32f407xx.o(.text)
    WWDG_IRQHandler                          0x08000213   Thumb Code     0  startup_stm32f407xx.o(.text)
    __user_initial_stackheap                 0x08000215   Thumb Code     0  startup_stm32f407xx.o(.text)
    __use_two_region_memory                  0x08000239   Thumb Code     2  heapauxi.o(.text)
    __rt_heap_escrow$2region                 0x0800023b   Thumb Code     2  heapauxi.o(.text)
    __rt_heap_expand$2region                 0x0800023d   Thumb Code     2  heapauxi.o(.text)
    SystemInit                               0x08000241   Thumb Code    86  system_stm32f4xx.o(.text.SystemInit)
    morseTime                                0x080002d8   Data          72  morsetime.o(.rodata.morseTime)



==============================================================================

Memory Map of the image

  Image Entry point : 0x080001f9

  Load Region LR_1 (Base: 0x08000000, Size: 0x00000320, Max: 0xffffffff, ABSOLUTE)

    Execution Region ER_RO (Exec base: 0x08000000, Load base: 0x08000000, Size: 0x00000320, Max: 0xffffffff, ABSOLUTE)

    Exec Addr    Load Addr    Size         Type   Attr      Idx    E Section Name        Object

    0x08000000   0x08000000   0x00000188   Data   RO           23    RESET               startup_stm32f407xx.o
    0x08000188   0x08000188   0x00000070   Code   RO            2  * .text               main.o
    0x080001f8   0x080001f8   0x00000040   Code   RO           24  * .text               startup_stm32f407xx.o
    0x08000238   0x08000238   0x00000006   Code   RO           45    .text               c_w.l(heapauxi.o)
    0x0800023e   0x0800023e   0x00000002   PAD
    0x08000240   0x08000240   0x00000056   Code   RO           29    .text.SystemInit    system_stm32f4xx.o
    0x08000296   0x08000296   0x00000002   PAD
    0x08000298   0x08000298   0x00000040   Code   RO            1    delay_systick       main.o
    0x080002d8   0x080002d8   0x00000048   Data   RO           16    .rodata.morseTime   morsetime.o


    Execution Region ER_RW (Exec base: 0x20000000, Load base: 0x08000320, Size: 0x00000000, Max: 0xffffffff, ABSOLUTE)

    **** No section assigned to this execution region ****


    Execution Region ER_ZI (Exec base: 0x20000000, Load base: 0x08000320, Size: 0x00000600, Max: 0xffffffff, ABSOLUTE)

    Exec Addr    Load Addr    Size         Type   Attr      Idx    E Section Name        Object

    0x20000000        -       0x00000200   Zero   RW           22    HEAP                startup_stm32f407xx.o
    0x20000200        -       0x00000400   Zero   RW           21    STACK               startup_stm32f407xx.o


==============================================================================

Image component sizes


      Code (inc. data)   RO Data    RW Data    ZI Data      Debug   Object Name

       176         18          0          0          0        840   main.o
         0          0         72          0          0        380   morsetime.o
        64         26        392          0       1536        876   startup_stm32f407xx.o
        86          0          0          0          0       2805   system_stm32f4xx.o

    ----------------------------------------------------------------------
       328         44        464          0       1536       4901   Object Totals
         0          0          0          0          0          0   (incl. Generated)
         2          0          0          0          0          0   (incl. Padding)

    ----------------------------------------------------------------------

      Code (inc. data)   RO Data    RW Data    ZI Data      Debug   Library Member Name

         6          0          0          0          0        152   heapauxi.o

    ----------------------------------------------------------------------
         8          0          0          0          0        152   Library Totals
         2          0          0          0          0          0   (incl. Padding)

    ----------------------------------------------------------------------

      Code (inc. data)   RO Data    RW Data    ZI Data      Debug   Library Name

         6          0          0          0          0        152   c_w.l

    ----------------------------------------------------------------------
         8          0          0          0          0        152   Library Totals

    ----------------------------------------------------------------------

==============================================================================


      Code (inc. data)   RO Data    RW Data    ZI Data      Debug   

       336         44        464          0       1536       4853   Grand Totals
       336         44        464          0       1536       4853   ELF Image Totals
       336         44        464          0          0          0   ROM Totals

==============================================================================

    Total RO  Size (Code + RO Data)                  800 (   0.78kB)
    Total RW  Size (RW Data + ZI Data)              1536 (   1.50kB)
    Total ROM Size (Code + RO Data + RW Data)        800 (   0.78kB)

==============================================================================

